
> web@0.1.0 build
> next build

   ▲ Next.js 16.0.10 (Turbopack)
   - Environments: .env.local
   - Experiments (use with caution):
     · optimizePackageImports
     · serverActions

 ⚠ The "middleware" file convention is deprecated. Please use "proxy" instead. Learn more: https://nextjs.org/docs/messages/middleware-to-proxy
   Creating an optimized production build ...
 ✓ Compiled successfully in 11.5s
   Running TypeScript ...
Failed to compile.

./src/app/[lang]/calculadoras/multa-atraso-aluguel/RentLateFineCalculatorClient.tsx:491:36
Type error: Property 'inputs' does not exist on type '{ seo: { title: string; description: string; }; title: string; menuTitle: string; description: string; }'.

[0m [90m 489 |[39m                             [33m<[39m[33mCardTitle[39m className[33m=[39m[32m"text-base flex items-center gap-2"[39m[33m>[39m
 [90m 490 |[39m                                 [33m<[39m[33mCalculator[39m className[33m=[39m[32m"w-5 h-5 text-primary"[39m [33m/[39m[33m>[39m
[31m[1m>[22m[39m[90m 491 |[39m                                 {t[33m.[39minputs[33m?[39m[33m.[39mgeneralData}
 [90m     |[39m                                    [31m[1m^[22m[39m
 [90m 492 |[39m                             [33m<[39m[33m/[39m[33mCardTitle[39m[33m>[39m
 [90m 493 |[39m                         [33m<[39m[33m/[39m[33mCardHeader[39m[33m>[39m
 [90m 494 |[39m                         [33m<[39m[33mCardContent[39m className[33m=[39m[32m"space-y-4"[39m[33m>[39m[0m
Next.js build worker exited with code: 1 and signal: null
npm error Lifecycle script `build` failed with error:
npm error code 1
npm error path C:\Users\Administrator\Documents\Kitnets\apps\web
npm error workspace web@0.1.0
npm error location C:\Users\Administrator\Documents\Kitnets\apps\web
npm error command failed
npm error command C:\WINDOWS\system32\cmd.exe /d /s /c next build
